source 'http://rubygems.org'

gem 'rails', '3.0.7'
gem 'sqlite3-ruby', '1.3.2', :require => 'sqlite3'
gem "rake", '0.8.7'



group :development do
  gem 'rspec-rails', '2.5.0'
end

group :test do
  gem 'rspec', '2.5.0'
  gem 'webrat', '0.7.1'
 
end


rails generate rspec:install

git init
$ git add .
$ git commit -m "Initial commit"


git remote add origin git@github.com:<username>/sample_app.git
$ git push origin master


gem install heroku

 heroku create
$ git push heroku master

$ heroku rake db:migrate

heroku db:push


git push
$ git push heroku

gem install autotest -v 4.4.6


gem install autotest-rails-pure -v 4.1.2

optional

 git rm -r spec/views
$ git rm -r spec/helpers

create controller

Store controller
def index
@products = Product.all


root :to => 'store#index', :as => 'store'


chap 9


Hook method "ensure"

def ensure_not_referenced_by_any_line_item
if line_items.empty?
return true
else
errors.add(:base, 'Line Items present')  



 <a href="http://" >Home</a><br />
 <a href="http://" >FAQ's</a><br />
 <a href="http://" >Featured Products</a><br />
 <a href="http://" >Contact</a><br />

